
> lojinha-do-ze-backend@1.0.0 build
> tsc --noEmit

scripts/e2e-test.ts(48,62): error TS18046: 'data' is of type 'unknown'.
tests/customers_security.test.ts(13,26): error TS7006: Parameter 'c' implicitly has an 'any' type.
tests/customers_security.test.ts(13,29): error TS7006: Parameter 'next' implicitly has an 'any' type.
tests/customers_security.test.ts(21,21): error TS7006: Parameter 'c' implicitly has an 'any' type.
tests/customers_security.test.ts(21,24): error TS7006: Parameter 'next' implicitly has an 'any' type.
tests/customers_security.test.ts(27,26): error TS7006: Parameter '_c' implicitly has an 'any' type.
tests/customers_security.test.ts(27,30): error TS7006: Parameter 'next' implicitly has an 'any' type.
tests/customers_security.test.ts(37,18): error TS2339: Property 'query' does not exist on type '{}'.
tests/customers_security.test.ts(38,23): error TS2339: Property 'query' does not exist on type '{}'.
tests/customers_security.test.ts(54,19): error TS7006: Parameter 'route' implicitly has an 'any' type.
tests/customers_security.test.ts(54,26): error TS7006: Parameter 'db' implicitly has an 'any' type.
tests/customers_security.test.ts(57,11): error TS2769: No overload matches this call.
  Overload 1 of 2, '(key: never, value: unknown): void', gave the following error.
    Argument of type '"db"' is not assignable to parameter of type 'never'.
  Overload 2 of 2, '(key: never, value: never): void', gave the following error.
    Argument of type '"db"' is not assignable to parameter of type 'never'.
tests/customers_security.test.ts(89,21): error TS7006: Parameter 'text' implicitly has an 'any' type.
tests/customers_security.test.ts(89,27): error TS7006: Parameter 'params' implicitly has an 'any' type.
tests/customers_security.test.ts(129,21): error TS7006: Parameter 'text' implicitly has an 'any' type.
tests/customers_security.test.ts(129,27): error TS7006: Parameter '_params' implicitly has an 'any' type.
tests/health.test.ts(10,12): error TS18046: 'body' is of type 'unknown'.
tests/health.test.ts(11,12): error TS18046: 'body' is of type 'unknown'.
tests/health.test.ts(12,12): error TS18046: 'body' is of type 'unknown'.
tests/health.test.ts(13,12): error TS18046: 'body' is of type 'unknown'.
tests/health.test.ts(14,12): error TS18046: 'body' is of type 'unknown'.
tests/logger.test.ts(6,7): error TS7034: Variable 'consoleOutput' implicitly has type 'any[]' in some locations where its type cannot be determined.
tests/logger.test.ts(34,14): error TS18046: 'result' is of type 'unknown'.
tests/logger.test.ts(35,14): error TS18046: 'result' is of type 'unknown'.
tests/logger.test.ts(36,14): error TS18046: 'result' is of type 'unknown'.
tests/logger.test.ts(49,14): error TS18046: 'result' is of type 'unknown'.
tests/logger.test.ts(50,14): error TS18046: 'result' is of type 'unknown'.
tests/logger.test.ts(58,14): error TS18046: 'result' is of type 'unknown'.
tests/logger.test.ts(59,14): error TS18046: 'result' is of type 'unknown'.
tests/logger.test.ts(72,14): error TS18046: 'result' is of type 'unknown'.
tests/logger.test.ts(81,33): error TS7005: Variable 'consoleOutput' implicitly has an 'any[]' type.
tests/logger.test.ts(93,33): error TS7005: Variable 'consoleOutput' implicitly has an 'any[]' type.
tests/logger.test.ts(104,33): error TS7005: Variable 'consoleOutput' implicitly has an 'any[]' type.
tests/logger.test.ts(116,33): error TS7005: Variable 'consoleOutput' implicitly has an 'any[]' type.
tests/payments_security.test.ts(9,28): error TS7006: Parameter 'payload' implicitly has an 'any' type.
tests/payments_security.test.ts(13,22): error TS7006: Parameter 'paymentId' implicitly has an 'any' type.
tests/payments_security.test.ts(23,18): error TS2339: Property 'query' does not exist on type '{}'.
tests/payments_security.test.ts(24,23): error TS2339: Property 'query' does not exist on type '{}'.
tests/payments_security.test.ts(33,23): error TS2339: Property 'clientQuery' does not exist on type '{}'.
tests/payments_security.test.ts(40,19): error TS7006: Parameter 'db' implicitly has an 'any' type.
tests/payments_security.test.ts(43,11): error TS2769: No overload matches this call.
  Overload 1 of 2, '(key: never, value: unknown): void', gave the following error.
    Argument of type '"db"' is not assignable to parameter of type 'never'.
  Overload 2 of 2, '(key: never, value: never): void', gave the following error.
    Argument of type '"db"' is not assignable to parameter of type 'never'.
tests/payments_security.test.ts(46,13): error TS2769: No overload matches this call.
  Overload 1 of 2, '(key: never, value: unknown): void', gave the following error.
    Argument of type '"user"' is not assignable to parameter of type 'never'.
  Overload 2 of 2, '(key: never, value: never): void', gave the following error.
    Argument of type '"user"' is not assignable to parameter of type 'never'.
tests/payments_security.test.ts(57,28): error TS7006: Parameter 'secret' implicitly has an 'any' type.
tests/payments_security.test.ts(57,36): error TS7006: Parameter 'dataId' implicitly has an 'any' type.
tests/payments_security.test.ts(57,44): error TS7006: Parameter 'requestId' implicitly has an 'any' type.
tests/payments_security.test.ts(57,55): error TS7006: Parameter 'ts' implicitly has an 'any' type.
tests/payments_security.test.ts(80,21): error TS7006: Parameter 'text' implicitly has an 'any' type.
tests/payments_security.test.ts(80,27): error TS7006: Parameter '_params' implicitly has an 'any' type.
tests/payments_security.test.ts(104,44): error TS2345: Argument of type '{ id: number; status: string; status_detail: string; external_reference: string; }' is not assignable to parameter of type 'never'.
tests/payments_security.test.ts(110,38): error TS2345: Argument of type '{ id: number; status: string; status_detail: string; external_reference: string; }' is not assignable to parameter of type 'never'.
tests/payments_security.test.ts(189,11): error TS18046: 'text' is of type 'unknown'.
tests/payments_security.test.ts(195,11): error TS18046: 'text' is of type 'unknown'.
tests/payments_security.test.ts(196,23): error TS18046: 'params' is of type 'unknown'.
tests/payments_security.test.ts(200,11): error TS18046: 'text' is of type 'unknown'.
tests/payments_security.test.ts(209,21): error TS7006: Parameter 'text' implicitly has an 'any' type.
tests/payments_security.test.ts(209,27): error TS7006: Parameter '_params' implicitly has an 'any' type.
tests/payments_security.test.ts(224,38): error TS2345: Argument of type '{ id: number; status: string; external_reference: string; }' is not assignable to parameter of type 'never'.
tests/upload_security.test.ts(5,26): error TS7006: Parameter 'c' implicitly has an 'any' type.
tests/upload_security.test.ts(5,29): error TS7006: Parameter 'next' implicitly has an 'any' type.
tests/upload_security.test.ts(9,21): error TS7006: Parameter '_c' implicitly has an 'any' type.
tests/upload_security.test.ts(9,25): error TS7006: Parameter 'next' implicitly has an 'any' type.
